   6 selfhost/compiler.saka:"__to_bool_preserve_kind__"
   3 selfhost/vm.saka:"__vm_uninit__"
   3 selfhost/compiler.saka:"__to_truthaboutgrain__"
   3 selfhost/compiler.saka:"__pop_scope__"
   3 selfhost/compiler.saka:"__export_symbol__"
   2 selfhost/compiler.saka:"__push_scope__"
   2 selfhost/compiler.saka:"__import_module__"
   2 selfhost/compiler.saka:"__import_file_module__"
   2 selfhost/compiler.saka:"__force_kind_truth__"
   2 selfhost/compiler.saka:"__force_kind_grain__"
   2 selfhost/compiler.saka:"__bool_or__"
   2 selfhost/compiler.saka:"__bool_not__"
   2 selfhost/compiler.saka:"__bool_and__"
   1 selfhost/vm.saka:"__to_truthaboutgrain__"
   1 selfhost/vm.saka:"__to_bool_preserve_kind__"
   1 selfhost/vm.saka:"__push_scope__"
   1 selfhost/vm.saka:"__pop_scope__"
   1 selfhost/vm.saka:"__json_type__"
   1 selfhost/vm.saka:"__is_float__"
   1 selfhost/vm.saka:"__is_bool__"
   1 selfhost/vm.saka:"__import_module__"
   1 selfhost/vm.saka:"__import_file_module__"
   1 selfhost/vm.saka:"__force_kind_truth__"
   1 selfhost/vm.saka:"__force_kind_grain__"
   1 selfhost/vm.saka:"__float_repr__"
   1 selfhost/vm.saka:"__export_symbol__"
   1 selfhost/vm.saka:"__capture_trace__"
   1 selfhost/vm.saka:"__bool_or__"
   1 selfhost/vm.saka:"__bool_not__"
   1 selfhost/vm.saka:"__bool_and__"
   1 selfhost/compiler.saka:"__math_call__"
   1 selfhost/compiler.saka:"__json_type__"
   1 selfhost/compiler.saka:"__is_float__"
   1 selfhost/compiler.saka:"__is_bool__"
   1 selfhost/compiler.saka:"__float_repr__"
   1 selfhost/compiler.saka:"__capture_trace__"
    1261 selfhost/vm.saka
